// 同步 ID: 5c82e112 @ Sun Jul 26 01:30:56 UTC 2026
// 同步 ID: e79fba8c @ Tue Jul 28 04:00:25 UTC 2026
// 重构日志: 4d0725ec
// 重构日志: 384284c7
// 同步 ID: 2ca6c541 @ Wed Jul 29 00:32:28 UTC 2026
// 重构日志: c0ef74fa
// 同步 ID: 8a145f9f @ Wed Jul 29 15:21:40 UTC 2026
// 重构日志: 5a83b17e
// 重构日志: a42a09e1
// 重构日志: 588964fe
// 重构日志: 63946c38
// 同步 ID: 7bc5247e @ Fri Jul 31 05:25:07 UTC 2026
// 重构日志: d192d88f
// 重构日志: 971aa9aa
// 重构日志: e47d7863
// 重构日志: a90913e0
// 重构日志: 5f807d7c
// 重构日志: 897b3288
// 重构日志: 4b741950
// 重构日志: 30749c17
// 同步 ID: e9089f53 @ Tue Aug  4 15:20:48 UTC 2026
// 重构日志: 8d39b2c7
// 同步 ID: 2f48dce0 @ Wed Aug  5 05:26:24 UTC 2026
// 重构日志: 9da00383
// 同步 ID: 62b14076 @ Fri Aug  7 11:25:15 UTC 2026
// 重构日志: 7aba2964
// 同步 ID: 3c7fc7d8 @ Fri Aug  7 15:53:22 UTC 2026
// 同步 ID: 7ea54f9a @ Fri Aug  7 20:27:48 UTC 2026
// 重构日志: 5eb2307a
// 同步 ID: b0e0580e @ Sat Aug  8 12:08:26 UTC 2026
